{"timestamp":"2026-02-13T12:10:12.647258000Z","level":"INFO","method":"GET","path":"/"}
{"timestamp":"2026-02-13T12:10:12.647292200Z","level":"INFO","method":"POST","path":"/"}
{"timestamp":"2026-02-13T12:36:55.199697200Z","level":"INFO","method":"GET","path":"/"}
{"timestamp":"2026-02-13T12:36:55.199731700Z","level":"INFO","method":"POST","path":"/"}
{"timestamp":"2026-02-13T12:36:55.199738900Z","level":"INFO","message":"abc"}
{"timestamp":"2026-02-14T02:44:05.627965500Z","level":"INFO","method":"GET","path":"/"}
{"timestamp":"2026-02-14T02:44:47.281683500Z","level":"INFO","method":"GET","path":"/"}
{"timestamp":"2026-02-14T02:47:49.972772700Z","level":"INFO","method":"GET","path":"/"}
{"timestamp":"2026-02-14T02:47:49.972811900Z","level":"INFO","method":"POST","path":"/"}
{"timestamp":"2026-02-14T02:47:49.972818600Z","level":"INFO","message":"abc"}
{"timestamp":"2026-02-14T02:54:15.799604500Z","level":"INFO","method":"DELETE","path":"/"}
{"timestamp":"2026-02-14T02:54:15.799636900Z","level":"INFO","method":"POST","path":"/"}
{"timestamp":"2026-02-14T02:54:15.799644000Z","level":"INFO","message":"abc"}
{"timestamp":"2026-02-14T05:18:57.475549600Z","level":"INFO","method":"DELETE","path":"/","ans":"a"}
{"timestamp":"2026-02-14T05:18:57.475594300Z","level":"INFO","method":"POST","path":"/"}
{"timestamp":"2026-02-14T05:18:57.475601300Z","level":"INFO","message":"abc"}
{"timestamp":"2026-02-14T05:18:57.475608700Z","level":"INFO","msg":"my mess","path":"/some","file":"access_log","file2":10}
{"timestamp":"2026-02-14T05:18:57.475629400Z","level":"ERROR","msg":"Error occurred"}
{"timestamp":"2026-02-14T05:18:57.475635000Z","level":"WARN","msg":"Application started","version":"1.0.0"}
{"timestamp":"2026-02-14T05:18:57.475641400Z","level":"TRACE","msg":"Application started","version":"1.0.0"}
{"timestamp":"2026-02-14T05:18:57.475647700Z","level":"DEBUG","msg":"Application started","version":"1.0.0"}
{"timestamp":"2026-02-14T05:51:59.622512800Z","level":"INFO","method":"DELETE","path":"/","ans":"a"}
{"timestamp":"2026-02-14T05:51:59.622552700Z","level":"INFO","method":"POST","path":"/"}
{"timestamp":"2026-02-14T05:51:59.622559700Z","level":"INFO","message":"abc"}
{"timestamp":"2026-02-14T05:51:59.622567100Z","level":"INFO","msg":"my mess","path":"/some","file":"access_log","file2":10}
{"timestamp":"2026-02-14T05:51:59.622587600Z","level":"ERROR","msg":"Error occurred"}
{"timestamp":"2026-02-14T05:51:59.622593300Z","level":"WARN","msg":"Application started","version":"1.0.0"}
{"timestamp":"2026-02-14T05:51:59.622600100Z","level":"TRACE","msg":"Application started","version":"1.0.0"}
{"timestamp":"2026-02-14T05:51:59.622606600Z","level":"DEBUG","msg":"Application started","version":"1.0.0"}
{"timestamp":"2026-02-14T06:28:02.513878800Z","level":"INFO","method":"DELETE","path":"/","ans":"a"}
{"timestamp":"2026-02-14T06:28:02.513917000Z","level":"INFO","method":"POST","path":"/"}
{"timestamp":"2026-02-14T06:28:02.513925000Z","level":"INFO","message":"abc"}
{"timestamp":"2026-02-14T06:28:02.513932700Z","level":"INFO","msg":"my mess","path":"/some","file":"access_log","file2":10}
{"timestamp":"2026-02-14T06:28:02.513948600Z","level":"ERROR","msg":"Error occurred"}
{"timestamp":"2026-02-14T06:28:02.513954300Z","level":"WARN","msg":"Application started","version":"1.0.0"}
{"timestamp":"2026-02-14T06:28:02.513960600Z","level":"TRACE","msg":"Application started","version":"1.0.0"}
{"timestamp":"2026-02-14T06:28:02.513967800Z","level":"DEBUG","msg":"Application started","version":"1.0.0"}
{"timestamp":"2026-02-14T06:28:02.517322600Z","level":"INFO","method":"DELETE","path":"/","ans":"a"}
{"timestamp":"2026-02-14T06:28:02.517350400Z","level":"INFO","method":"POST","path":"/"}
{"timestamp":"2026-02-14T06:28:02.517357100Z","level":"INFO","message":"abc"}
{"timestamp":"2026-02-14T06:28:02.517368000Z","level":"INFO","msg":"my mess","path":"/some","file":"access_log","file2":10}
{"timestamp":"2026-02-14T06:28:02.517377100Z","level":"ERROR","msg":"Error occurred"}
{"timestamp":"2026-02-14T06:28:02.517382300Z","level":"WARN","msg":"Application started","version":"1.0.0"}
{"timestamp":"2026-02-14T06:28:02.517388800Z","level":"TRACE","msg":"Application started","version":"1.0.0"}
{"timestamp":"2026-02-14T06:28:02.517394800Z","level":"DEBUG","msg":"Application started","version":"1.0.0"}
{"timestamp":"2026-02-14T06:31:22.316442000Z","level":"INFO","method":"DELETE","path":"/","ans":"a"}
{"timestamp":"2026-02-14T06:31:22.316476000Z","level":"INFO","method":"POST","path":"/"}
{"timestamp":"2026-02-14T06:31:22.316485800Z","level":"INFO","message":"abc"}
{"timestamp":"2026-02-14T06:31:22.316492900Z","level":"INFO","msg":"my mess","path":"/some","file":"access_log","file2":10}
{"timestamp":"2026-02-14T06:31:22.316512700Z","level":"ERROR","msg":"Error occurred"}
{"timestamp":"2026-02-14T06:31:22.316518600Z","level":"WARN","msg":"Application started","version":"1.0.0"}
{"timestamp":"2026-02-14T06:31:22.316525400Z","level":"TRACE","msg":"Application started","version":"1.0.0"}
{"timestamp":"2026-02-14T06:31:22.316534500Z","level":"DEBUG","msg":"Application started","version":"1.0.0"}
{"timestamp":"2026-02-14T06:35:57.519398000Z","level":"INFO","method":"DELETE","path":"/","ans":"a"}
{"timestamp":"2026-02-14T06:35:57.519437800Z","level":"INFO","method":"POST","path":"/"}
{"timestamp":"2026-02-14T06:35:57.519447400Z","level":"INFO","message":"abc"}
{"timestamp":"2026-02-14T06:35:57.519454800Z","level":"INFO","msg":"my mess","path":"/some","file":"access_log","file2":10}
{"timestamp":"2026-02-14T06:35:57.519474400Z","level":"ERROR","msg":"Error occurred"}
{"timestamp":"2026-02-14T06:35:57.519480200Z","level":"WARN","msg":"Application started","version":"1.0.0"}
{"timestamp":"2026-02-14T06:35:57.519486600Z","level":"TRACE","msg":"Application started","version":"1.0.0"}
{"timestamp":"2026-02-14T06:35:57.519495700Z","level":"DEBUG","msg":"Application started","version":"1.0.0"}
